// Jest Snapshot v1, https://goo.gl/fbAQLP

exports[`Renders Button unchanged 1`] = `
<div>
  <button
    class="c-fecOcE"
  >
    Click me!
  </button>
</div>
`;
