// Jest Snapshot v1, https://goo.gl/fbAQLP

exports[`Renders Phone frame unchanged 1`] = `
<div>
  <div
    class="c-cmpvrW"
  >
    <div
      class="c-iHsKCG"
    >
      <span
        style="box-sizing: border-box; display: inline-block; overflow: hidden; background: none; opacity: 1; border: 0px; margin: 0px; padding: 0px; position: relative; max-width: 100%;"
      >
        <span
          style="box-sizing: border-box; display: block; background: none; opacity: 1; border: 0px; margin: 0px; padding: 0px; max-width: 100%;"
        >
          <img
            alt=""
            aria-hidden="true"
            src="data:image/svg+xml,%3csvg%20xmlns=%27http://www.w3.org/2000/svg%27%20version=%271.1%27%20width=%27372%27%20height=%27750%27/%3e"
            style="display: block; max-width: 100%; background: none; opacity: 1; border: 0px; margin: 0px; padding: 0px;"
          />
        </span>
        <img
          alt="Iphone image"
          data-nimg="intrinsic"
          decoding="async"
          src="data:image/gif;base64,R0lGODlhAQABAIAAAAAAAP///yH5BAEAAAAALAAAAAABAAEAAAIBRAA7"
          style="position: absolute; top: 0px; left: 0px; bottom: 0px; right: 0px; box-sizing: border-box; padding: 0px; margin: auto; display: block; width: 0px; height: 0px; min-width: 100%; max-width: 100%; min-height: 100%; max-height: 100%; background-size: cover; background-position: 0% 0%; filter: blur(20px); background-image: url(data:image/png;base64,imagedata);"
        />
        <noscript />
      </span>
    </div>
    <div
      class="c-kiBZOh"
    >
      <section
        class="c-eMcnfs"
      >
        <button
          class="c-diLMKw"
          type="button"
        >
          <span
            class="c-jgiWaE"
          >
            1
          </span>
          <span
            class="c-EDrvg"
          />
        </button>
        <button
          class="c-diLMKw"
          type="button"
        >
          <span
            class="c-jgiWaE"
          >
            2
          </span>
          <span
            class="c-EDrvg"
          >
            ABC
          </span>
        </button>
        <button
          class="c-diLMKw"
          type="button"
        >
          <span
            class="c-jgiWaE"
          >
            3
          </span>
          <span
            class="c-EDrvg"
          >
            DEF
          </span>
        </button>
        <button
          class="c-diLMKw"
          type="button"
        >
          <span
            class="c-jgiWaE"
          >
            4
          </span>
          <span
            class="c-EDrvg"
          >
            GHI
          </span>
        </button>
        <button
          class="c-diLMKw"
          type="button"
        >
          <span
            class="c-jgiWaE"
          >
            5
          </span>
          <span
            class="c-EDrvg"
          >
            JKL
          </span>
        </button>
        <button
          class="c-diLMKw"
          type="button"
        >
          <span
            class="c-jgiWaE"
          >
            6
          </span>
          <span
            class="c-EDrvg"
          >
            MNO
          </span>
        </button>
        <button
          class="c-diLMKw"
          type="button"
        >
          <span
            class="c-jgiWaE"
          >
            7
          </span>
          <span
            class="c-EDrvg"
          >
            PQRS
          </span>
        </button>
        <button
          class="c-diLMKw"
          type="button"
        >
          <span
            class="c-jgiWaE"
          >
            8
          </span>
          <span
            class="c-EDrvg"
          >
            TUV
          </span>
        </button>
        <button
          class="c-diLMKw"
          type="button"
        >
          <span
            class="c-jgiWaE"
          >
            9
          </span>
          <span
            class="c-EDrvg"
          >
            WXYZ
          </span>
        </button>
        <button
          class="c-diLMKw"
          type="button"
        >
          <span
            class="c-jgiWaE"
          >
            0
          </span>
          <span
            class="c-EDrvg"
          >
            +
          </span>
        </button>
      </section>
    </div>
  </div>
</div>
`;
