// Jest Snapshot v1, https://goo.gl/fbAQLP

exports[`Renders Predictions unchanged 1`] = `
<div>
  <ul
    class="c-icXWdf"
  >
    <li
      class="c-OQLUz"
    >
      ad
    </li>
    <div
      class="c-fkaaSt"
    />
    <li
      class="c-OQLUz"
    >
      ae
    </li>
    <div
      class="c-fkaaSt"
    />
    <li
      class="c-OQLUz"
    >
      af
    </li>
    <div
      class="c-fkaaSt"
    />
    <li
      class="c-OQLUz"
    >
      bd
    </li>
    <div
      class="c-fkaaSt"
    />
    <li
      class="c-OQLUz"
    >
      be
    </li>
    <div
      class="c-fkaaSt"
    />
    <li
      class="c-OQLUz"
    >
      bf
    </li>
    <div
      class="c-fkaaSt"
    />
    <li
      class="c-OQLUz"
    >
      cd
    </li>
    <div
      class="c-fkaaSt"
    />
    <li
      class="c-OQLUz"
    >
      ce
    </li>
    <div
      class="c-fkaaSt"
    />
    <li
      class="c-OQLUz"
    >
      cf
    </li>
  </ul>
</div>
`;
