// Jest Snapshot v1, https://goo.gl/fbAQLP

exports[`Renders Button unchanged 1`] = `
<div>
  <div
    class="c-dAPGUl"
  >
    <button
      class="c-eQIPkJ"
      type="button"
    >
      Delete
    </button>
  </div>
</div>
`;
